Я відповідаю за навчання та застосування цього загону (ukr_0001)
Ці компактні, добре підготовлені загони можуть використовуватися будь-де у світі для допомоги дружнім урядам в оборонних операціях (ukr_0002)
Вони також можуть використовуватися у нетрадиційній бойовій ролі (ukr_0003)
Під час тренувань наголошується на індивідуальному виживанні за різних умов (ukr_0004)
У мої обов'язки входить контроль за всіма адміністративними та мітеріально-технічними питаннями (ukr_0005)
Якщо загін розділять на дві команди, я буду командувати однією з них (ukr_0006)
